// Jest Snapshot v1, https://goo.gl/fbAQLP

exports[`<SearchForm /> should match a snapshot 1`] = `
.c2 {
  display: inline-block;
  vertical-align: middle;
  overflow: hidden;
}

.c0 {
  margin: 0 auto;
  margin-bottom: 4.0rem;
  padding: 0 3.2rem;
  max-width: 120rem;
  width: 100%;
  display: -webkit-box;
  display: -webkit-flex;
  display: -ms-flexbox;
  display: flex;
  -webkit-align-items: center;
  -webkit-box-align: center;
  -ms-flex-align: center;
  align-items: center;
  -webkit-box-pack: center;
  -webkit-justify-content: center;
  -ms-flex-pack: center;
  justify-content: center;
}

.c0 div {
  display: -webkit-box;
  display: -webkit-flex;
  display: -ms-flexbox;
  display: flex;
  width: 80%;
  max-width: 800px;
  border: 2px solid #AAAAAA;
  border-radius: 2rem;
}

.c0 div svg.search-cancel-icon,
.c0 div svg.search-ok-icon {
  -webkit-align-self: center;
  -ms-flex-item-align: center;
  align-self: center;
  justify-self: center;
  height: 2rem;
  width: 2rem;
}

.c0 div svg.search-ok-icon {
  color: #2e8b57;
}

.c0 div svg.search-cancel-icon {
  color: #dc143c;
}

.c1 {
  padding: 0.5em 1.6rem;
  width: 100%;
  border: none;
  border-radius: 20px;
  background: transparent;
}

.c1:focus {
  outline: none;
}

.c3 {
  width: 3rem;
  height: 3rem;
  border: none;
  padding: 0 0.2rem;
  border-left: 2px solid #AAAAAA;
  background: transparent;
  cursor: pointer;
  -webkit-transition: all 350ms ease-in-out;
  transition: all 350ms ease-in-out;
  color: inherit;
}

.c3:hover {
  color: #dc143c;
}

<div>
  <div
    class="c0"
  >
    <div>
      <input
        class="c1"
        name="q"
        placeholder="encontre posts"
        type="search"
        value=""
      />
      <svg
        aria-hidden="true"
        aria-label="Input enabled"
        class="c2 search-ok-icon"
        fill="currentColor"
        focusable="false"
        viewBox="0 0 24 24"
        xmlns="http://www.w3.org/2000/svg"
      >
        <path
          d="M12 2C6.48 2 2 6.48 2 12s4.48 10 10 10 10-4.48 10-10S17.52 2 12 2zm0 18c-4.41 0-8-3.59-8-8s3.59-8 8-8 8 3.59 8 8-3.59 8-8 8zm4.59-12.42L10 14.17l-2.59-2.58L6 13l4 4 8-8z"
        />
      </svg>
      <button
        class="c3"
      >
        <svg
          aria-hidden="true"
          aria-label="search button"
          class="c2"
          fill="currentColor"
          focusable="false"
          viewBox="0 0 24 24"
          xmlns="http://www.w3.org/2000/svg"
        >
          <path
            d="M10 18a7.952 7.952 0 0 0 4.897-1.688l4.396 4.396 1.414-1.414-4.396-4.396A7.952 7.952 0 0 0 18 10c0-4.411-3.589-8-8-8s-8 3.589-8 8 3.589 8 8 8zm0-14c3.309 0 6 2.691 6 6s-2.691 6-6 6-6-2.691-6-6 2.691-6 6-6z"
          />
          <path
            d="M11.412 8.586c.379.38.588.882.588 1.414h2a3.977 3.977 0 0 0-1.174-2.828c-1.514-1.512-4.139-1.512-5.652 0l1.412 1.416c.76-.758 2.07-.756 2.826-.002z"
          />
        </svg>
      </button>
    </div>
  </div>
</div>
`;
